
> ecommerce@0.0.0 test
> ng test

[33m>[39m Building...
[32mΓêÜ[39m Building...
[1mInitial chunk files[22m                                          [2m | [22m[1mNames[22m                                                     [2m | [22m [1mRaw size[22m
[32mspec-app-feature-cart-cart.js[39m                                [2m | [22m[2mspec-app-feature-cart-cart[22m                                [2m | [22m [36m16.89 kB[39m[2m | [22m
[32mspec-app-app.js[39m                                              [2m | [22m[2mspec-app-app[22m                                              [2m | [22m [36m14.01 kB[39m[2m | [22m
[32mspec-app-feature-homepage-homepage.js[39m                        [2m | [22m[2mspec-app-feature-homepage-homepage[22m                        [2m | [22m [36m12.58 kB[39m[2m | [22m
[32mspec-app-shared-components-product-details-product-details.js[39m[2m | [22m[2mspec-app-shared-components-product-details-product-details[22m[2m | [22m [36m11.05 kB[39m[2m | [22m
[32mchunk-5Y5CFIH5.js[39m                                            [2m | [22m[2m-[22m                                                         [2m | [22m  [36m8.71 kB[39m[2m | [22m
[32mchunk-D6OF2EFA.js[39m                                            [2m | [22m[2m-[22m                                                         [2m | [22m  [36m8.60 kB[39m[2m | [22m
[32mchunk-5QROBSIF.js[39m                                            [2m | [22m[2m-[22m                                                         [2m | [22m  [36m6.56 kB[39m[2m | [22m
[32mchunk-QS3Y3ME6.js[39m                                            [2m | [22m[2m-[22m                                                         [2m | [22m  [36m5.28 kB[39m[2m | [22m
[32mspec-app-feature-map-map.js[39m                                  [2m | [22m[2mspec-app-feature-map-map[22m                                  [2m | [22m  [36m5.08 kB[39m[2m | [22m
[32mchunk-RSTWSNOR.js[39m                                            [2m | [22m[2m-[22m                                                         [2m | [22m  [36m4.75 kB[39m[2m | [22m
[32mchunk-XGNJRKZY.js[39m                                            [2m | [22m[2m-[22m                                                         [2m | [22m  [36m4.60 kB[39m[2m | [22m
[32mchunk-LRTLBQVK.js[39m                                            [2m | [22m[2m-[22m                                                         [2m | [22m  [36m3.79 kB[39m[2m | [22m
[32mchunk-GW2IPWCG.js[39m                                            [2m | [22m[2m-[22m                                                         [2m | [22m  [36m3.13 kB[39m[2m | [22m
[32mchunk-EAHN6WD4.js[39m                                            [2m | [22m[2m-[22m                                                         [2m | [22m  [36m3.11 kB[39m[2m | [22m
[32mchunk-37C67NYR.js[39m                                            [2m | [22m[2m-[22m                                                         [2m | [22m  [36m3.00 kB[39m[2m | [22m
[32mchunk-B63L4S2H.js[39m                                            [2m | [22m[2m-[22m                                                         [2m | [22m  [36m2.87 kB[39m[2m | [22m
[32mchunk-4DSHNCIK.js[39m                                            [2m | [22m[2m-[22m                                                         [2m | [22m  [36m2.12 kB[39m[2m | [22m
[32mspec-app-shared-components-category-category.js[39m              [2m | [22m[2mspec-app-shared-components-category-category[22m              [2m | [22m  [36m1.76 kB[39m[2m | [22m
[32mspec-app-feature-login-login.js[39m                              [2m | [22m[2mspec-app-feature-login-login[22m                              [2m | [22m  [36m1.64 kB[39m[2m | [22m
[32minit-testbed.js[39m                                              [2m | [22m[2minit-testbed[22m                                              [2m | [22m  [36m1.21 kB[39m[2m | [22m
[32mvitest-mock-patch.js[39m                                         [2m | [22m[2mvitest-mock-patch[22m                                         [2m | [22m[36m969 bytes[39m[2m | [22m
[32mspec-app-shared-components-map-search-card-map-search-card.js[39m[2m | [22m[2mspec-app-shared-components-map-search-card-map-search-card[22m[2m | [22m[36m847 bytes[39m[2m | [22m
[32mstyles.css[39m                                                   [2m | [22m[2mstyles[22m                                                    [2m | [22m[36m809 bytes[39m[2m | [22m
[32mspec-app-shared-components-header-header.js[39m                  [2m | [22m[2mspec-app-shared-components-header-header[22m                  [2m | [22m[36m693 bytes[39m[2m | [22m
[32mspec-app-shared-components-suggetion-box-suggetion-box.js[39m    [2m | [22m[2mspec-app-shared-components-suggetion-box-suggetion-box[22m    [2m | [22m[36m685 bytes[39m[2m | [22m
[32mspec-app-core-services-search-suggestion.js[39m                  [2m | [22m[2mspec-app-core-services-search-suggestion[22m                  [2m | [22m[36m672 bytes[39m[2m | [22m
[32mspec-app-shared-components-input-box-input-box.js[39m            [2m | [22m[2mspec-app-shared-components-input-box-input-box[22m            [2m | [22m[36m653 bytes[39m[2m | [22m
[32mspec-app-shared-components-card-card.js[39m                      [2m | [22m[2mspec-app-shared-components-card-card[22m                      [2m | [22m[36m647 bytes[39m[2m | [22m
[32mspec-app-shared-components-footer-footer.js[39m                  [2m | [22m[2mspec-app-shared-components-footer-footer[22m                  [2m | [22m[36m633 bytes[39m[2m | [22m
[32mspec-app-shared-components-button-button.js[39m                  [2m | [22m[2mspec-app-shared-components-button-button[22m                  [2m | [22m[36m633 bytes[39m[2m | [22m
[32mspec-app-core-services-functions.js[39m                          [2m | [22m[2mspec-app-core-services-functions[22m                          [2m | [22m[36m496 bytes[39m[2m | [22m
[32mchunk-DD7FCJJG.js[39m                                            [2m | [22m[2m-[22m                                                         [2m | [22m[36m255 bytes[39m[2m | [22m

[1m [22m                                                            [2m | [22m[1mInitial total[22m                                             [2m | [22m[1m128.74 kB[22m

Application bundle generation complete. [2.228 seconds] - 2026-04-10T04:29:49.473Z


[1m[46m RUN [49m[22m [36mv4.1.3 [39m[90mC:/Users/CE00104419/Desktop/chandan/ecommerce[39m

 [32mΓ£ô[39m [30m[43m ecommerce [49m[39m src/app/shared/components/input-box/input-box.spec.ts [2m([22m[2m1 test[22m[2m)[22m[32m 245[2mms[22m[39m
node.exe : [90mstderr[2m | src/app/shared/components/card/card.spec.ts[2m > [22m[2mCard[2m > [22m[2mshould 
create
At line:1 char:1
+ & "C:\Program Files\nodejs/node.exe" "C:\Program Files\nodejs/node_mo ...
+ ~~~~~~~~~~~~~~~~~~~~~~~~~~~~~~~~~~~~~~~~~~~~~~~~~~~~~~~~~~~~~~~~~~~~~
    + CategoryInfo          : NotSpecified: ([90mstderr[2m...2mshould create:String) [], RemoteException
    + FullyQualifiedErrorId : NativeCommandError
 
[22m[39mERROR TypeError: Cannot read properties of undefined (reading 'img')
    at Card_Template (C:/Users/CE00104419/Desktop/chandan/ecommerce/src/app/shared/components/card/card.html:4:5)
    at executeTemplate [90m(file:///C:/Users/CE00104419/Desktop/chandan/ecommerce/[39mnode_modules/[4m@angular/core
[24m/fesm2022/_debug_node-chunk.mjs:5081:5[90m)[39m
    at refreshView [90m(file:///C:/Users/CE00104419/Desktop/chandan/ecommerce/[39mnode_modules/[4m@angular/core[24m
/fesm2022/_debug_node-chunk.mjs:5751:7[90m)[39m
    at detectChangesInView [90m(file:///C:/Users/CE00104419/Desktop/chandan/ecommerce/[39mnode_modules/[4m@angular/c
ore[24m/fesm2022/_debug_node-chunk.mjs:5891:5[90m)[39m
    at detectChangesInViewIfAttached [90m(file:///C:/Users/CE00104419/Desktop/chandan/ecommerce/[39mnode_modules/[4m
@angular/core[24m/fesm2022/_debug_node-chunk.mjs:5874:3[90m)[39m
    at detectChangesInComponent [90m(file:///C:/Users/CE00104419/Desktop/chandan/ecommerce/[39mnode_modules/[4m@angu
lar/core[24m/fesm2022/_debug_node-chunk.mjs:5865:5[90m)[39m
    at detectChangesInChildComponents [90m(file:///C:/Users/CE00104419/Desktop/chandan/ecommerce/[39mnode_modules/[4
m@angular/core[24m/fesm2022/_debug_node-chunk.mjs:5913:5[90m)[39m
    at refreshView [90m(file:///C:/Users/CE00104419/Desktop/chandan/ecommerce/[39mnode_modules/[4m@angular/core[24m
/fesm2022/_debug_node-chunk.mjs:5793:7[90m)[39m
    at detectChangesInView [90m(file:///C:/Users/CE00104419/Desktop/chandan/ecommerce/[39mnode_modules/[4m@angular/c
ore[24m/fesm2022/_debug_node-chunk.mjs:5891:5[90m)[39m
    at detectChangesInViewWhileDirty [90m(file:///C:/Users/CE00104419/Desktop/chandan/ecommerce/[39mnode_modules/[4m
@angular/core[24m/fesm2022/_debug_node-chunk.mjs:5700:5[90m)[39m

 [31mΓ¥»[39m [30m[43m ecommerce [49m[39m src/app/shared/components/header/header.spec.ts [2m([22m[2m1 test[22m[2m | [22m[31m1 failed[39m[2m)[22m[33m 462[2mms[22m[39m
[31m     [31m├ù[31m should create[39m[33m 459[2mms[22m[39m
 [32mΓ£ô[39m [30m[43m ecommerce [49m[39m src/app/feature/cart/cart.spec.ts [2m([22m[2m1 test[22m[2m)[22m[32m 247[2mms[22m[39m
 [32mΓ£ô[39m [30m[43m ecommerce [49m[39m src/app/feature/homepage/homepage.spec.ts [2m([22m[2m1 test[22m[2m)[22m[33m 518[2mms[22m[39m
     [33m[2mΓ£ô[22m[39m should create [33m 515[2mms[22m[39m
 [31mΓ¥»[39m [30m[43m ecommerce [49m[39m src/app/shared/components/product-details/product-details.spec.ts [2m([22m[2m1 test[22m[2m | [22m[31m1 failed[39m[2m)[22m[33m 385[2mms[22m[39m
[31m     [31m├ù[31m should create[39m[33m 383[2mms[22m[39m
 [32mΓ£ô[39m [30m[43m ecommerce [49m[39m src/app/shared/components/map-search-card/map-search-card.spec.ts [2m([22m[2m1 test[22m[2m)[22m[33m 537[2mms[22m[39m
     [33m[2mΓ£ô[22m[39m should create [33m 535[2mms[22m[39m
 [31mΓ¥»[39m [30m[43m ecommerce [49m[39m src/app/app.spec.ts [2m([22m[2m2 tests[22m[2m | [22m[31m2 failed[39m[2m)[22m[33m 625[2mms[22m[39m
[31m     [31m├ù[31m should create the app[39m[33m 564[2mms[22m[39m
[31m     [31m├ù[31m should render title[39m[32m 58[2mms[22m[39m
 [31mΓ¥»[39m [30m[43m ecommerce [49m[39m src/app/shared/components/card/card.spec.ts [2m([22m[2m1 test[22m[2m | [22m[31m1 failed[39m[2m)[22m[33m 455[2mms[22m[39m
[31m     [31m├ù[31m should create[39m[33m 452[2mms[22m[39m
 [32mΓ£ô[39m [30m[43m ecommerce [49m[39m src/app/feature/login/login.spec.ts [2m([22m[2m1 test[22m[2m)[22m[32m 14[2mms[22m[39m
 [32mΓ£ô[39m [30m[43m ecommerce [49m[39m src/app/shared/components/category/category.spec.ts [2m([22m[2m1 test[22m[2m)[22m[32m 20[2mms[22m[39m
 [32mΓ£ô[39m [30m[43m ecommerce [49m[39m src/app/shared/components/footer/footer.spec.ts [2m([22m[2m1 test[22m[2m)[22m[32m 15[2mms[22m[39m
 [32mΓ£ô[39m [30m[43m ecommerce [49m[39m src/app/shared/components/suggetion-box/suggetion-box.spec.ts [2m([22m[2m1 test[22m[2m)[22m[32m 32[2mms[22m[39m
 [32mΓ£ô[39m [30m[43m ecommerce [49m[39m src/app/shared/components/button/button.spec.ts [2m([22m[2m1 test[22m[2m)[22m[32m 36[2mms[22m[39m
 [32mΓ£ô[39m [30m[43m ecommerce [49m[39m src/app/core/services/search-suggestion.spec.ts [2m([22m[2m1 test[22m[2m)[22m[32m 6[2mms[22m[39m
 [32mΓ£ô[39m [30m[43m ecommerce [49m[39m src/app/core/services/functions.spec.ts [2m([22m[2m1 test[22m[2m)[22m[32m 4[2mms[22m[39m
 [32mΓ£ô[39m [30m[43m ecommerce [49m[39m src/app/feature/map/map.spec.ts [2m([22m[2m1 test[22m[2m)[22m[32m 81[2mms[22m[39m

[31mΓÄ»ΓÄ»ΓÄ»ΓÄ»ΓÄ»ΓÄ»ΓÄ»[39m[1m[41m Failed Tests 5 [49m[22m[31mΓÄ»ΓÄ»ΓÄ»ΓÄ»ΓÄ»ΓÄ»ΓÄ»[39m

[41m[1m FAIL [22m[49m [30m[43m ecommerce [49m[39m src/app/app.spec.ts[2m > [22mApp[2m > [22mshould create 
the app
[41m[1m FAIL [22m[49m [30m[43m ecommerce [49m[39m src/app/app.spec.ts[2m > [22mApp[2m > [22mshould render 
title
[41m[1m FAIL [22m[49m [30m[43m ecommerce [49m[39m src/app/shared/components/header/header.spec.ts[2m > 
[22mHeader[2m > [22mshould create
[31m[1m╔╡NotFound[22m: NG0201: No provider found for `ActivatedRoute`. Source: DynamicTestModule. Find more at 
https://v21.angular.dev/errors/NG0201[39m
[90m [2mΓ¥»[22m createRuntimeError 
../darwin_arm64-fastbuild-ST-fdfa778d11ba/bin/packages/core/src/render3/errors_di.ts:[2m130:16[22m[39m
[90m [2mΓ¥»[22m createRuntimeError 
../darwin_arm64-fastbuild-ST-fdfa778d11ba/bin/packages/core/src/di/null_injector.ts:[2m20:20[22m[39m
[90m [2mΓ¥»[22m get 
../darwin_arm64-fastbuild-ST-fdfa778d11ba/bin/packages/core/src/di/r3_injector.ts:[2m383:26[22m[39m
[90m [2mΓ¥»[22m get 
../darwin_arm64-fastbuild-ST-fdfa778d11ba/bin/packages/core/src/di/r3_injector.ts:[2m383:26[22m[39m
[90m [2mΓ¥»[22m get 
../darwin_arm64-fastbuild-ST-fdfa778d11ba/bin/packages/core/src/render3/chained_injector.ts:[2m43:31[22m[39m
[90m [2mΓ¥»[22m get 
../darwin_arm64-fastbuild-ST-fdfa778d11ba/bin/packages/core/src/render3/di.ts:[2m426:63[22m[39m
[90m [2mΓ¥»[22m lookupTokenUsingModuleInjector 
../darwin_arm64-fastbuild-ST-fdfa778d11ba/bin/packages/core/src/render3/di.ts:[2m493:9[22m[39m
[90m [2mΓ¥»[22m getOrCreateInjectable 
../darwin_arm64-fastbuild-ST-fdfa778d11ba/bin/packages/core/src/render3/instructions/di.ts:[2m58:16[22m[39m
[90m [2mΓ¥»[22m NodeInjectorFactory.RouterLink_Factory [as factory] ng:/RouterLink/╔╡fac.js:[2m6:7[22m[39m
[90m [2mΓ¥»[22m factory 
../darwin_arm64-fastbuild-ST-fdfa778d11ba/bin/packages/core/src/render3/di.ts:[2m785:37[22m[39m

[31m[2mΓÄ»ΓÄ»ΓÄ»ΓÄ»ΓÄ»ΓÄ»ΓÄ»ΓÄ»ΓÄ»ΓÄ»ΓÄ»ΓÄ»ΓÄ»ΓÄ»ΓÄ»ΓÄ»ΓÄ»ΓÄ»ΓÄ»ΓÄ»ΓÄ»ΓÄ»ΓÄ»ΓÄ»[1/5]ΓÄ»[22m[39m

[41m[1m FAIL [22m[49m [30m[43m ecommerce [49m[39m src/app/shared/components/card/card.spec.ts[2m > 
[22mCard[2m > [22mshould create
[31m[1mTypeError[22m: Cannot read properties of undefined (reading 'img')[39m
[90m [2mΓ¥»[22m Card_Template src/app/shared/components/card/card.html:[2m4:5[22m[39m
[90m [2mΓ¥»[22m templateFn 
../darwin_arm64-fastbuild-ST-fdfa778d11ba/bin/packages/core/src/render3/instructions/shared.ts:[2m109:4[22m[39m
[90m [2mΓ¥»[22m executeTemplate ../darwin_arm64-fastbuild-ST-fdfa778d11ba/bin/packages/core/src/render3/instructions
/change_detection.ts:[2m232:6[22m[39m
[90m [2mΓ¥»[22m refreshView ../darwin_arm64-fastbuild-ST-fdfa778d11ba/bin/packages/core/src/render3/instructions/cha
nge_detection.ts:[2m497:4[22m[39m
[90m [2mΓ¥»[22m detectChangesInView ../darwin_arm64-fastbuild-ST-fdfa778d11ba/bin/packages/core/src/render3/instruct
ions/change_detection.ts:[2m445:2[22m[39m
[90m [2mΓ¥»[22m detectChangesInViewIfAttached ../darwin_arm64-fastbuild-ST-fdfa778d11ba/bin/packages/core/src/render
3/instructions/change_detection.ts:[2m430:4[22m[39m
[90m [2mΓ¥»[22m detectChangesInComponent ../darwin_arm64-fastbuild-ST-fdfa778d11ba/bin/packages/core/src/render3/ins
tructions/change_detection.ts:[2m526:4[22m[39m
[90m [2mΓ¥»[22m detectChangesInChildComponents ../darwin_arm64-fastbuild-ST-fdfa778d11ba/bin/packages/core/src/rende
r3/instructions/change_detection.ts:[2m297:6[22m[39m
[90m [2mΓ¥»[22m refreshView ../darwin_arm64-fastbuild-ST-fdfa778d11ba/bin/packages/core/src/render3/instructions/cha
nge_detection.ts:[2m497:4[22m[39m
[90m [2mΓ¥»[22m detectChangesInView ../darwin_arm64-fastbuild-ST-fdfa778d11ba/bin/packages/core/src/render3/instruct
ions/change_detection.ts:[2m106:4[22m[39m

[31m[2mΓÄ»ΓÄ»ΓÄ»ΓÄ»ΓÄ»ΓÄ»ΓÄ»ΓÄ»ΓÄ»ΓÄ»ΓÄ»ΓÄ»ΓÄ»ΓÄ»ΓÄ»ΓÄ»ΓÄ»ΓÄ»ΓÄ»ΓÄ»ΓÄ»ΓÄ»ΓÄ»ΓÄ»[2/5]ΓÄ»[22m[39m

[41m[1m FAIL [22m[49m [30m[43m ecommerce [49m[39m 
src/app/shared/components/product-details/product-details.spec.ts[2m > [22mProductDetails[2m > [22mshould create
[31m[1m╔╡NotFound[22m: NG0201: No provider found for `ActivatedRoute`. Source: DynamicTestModule. Find more at 
https://v21.angular.dev/errors/NG0201[39m
[90m [2mΓ¥»[22m createRuntimeError 
../darwin_arm64-fastbuild-ST-fdfa778d11ba/bin/packages/core/src/render3/errors_di.ts:[2m130:16[22m[39m
[90m [2mΓ¥»[22m createRuntimeError 
../darwin_arm64-fastbuild-ST-fdfa778d11ba/bin/packages/core/src/di/null_injector.ts:[2m20:20[22m[39m
[90m [2mΓ¥»[22m get 
../darwin_arm64-fastbuild-ST-fdfa778d11ba/bin/packages/core/src/di/r3_injector.ts:[2m383:26[22m[39m
[90m [2mΓ¥»[22m get 
../darwin_arm64-fastbuild-ST-fdfa778d11ba/bin/packages/core/src/di/r3_injector.ts:[2m383:26[22m[39m
[90m [2mΓ¥»[22m get 
../darwin_arm64-fastbuild-ST-fdfa778d11ba/bin/packages/core/src/render3/chained_injector.ts:[2m43:31[22m[39m
[90m [2mΓ¥»[22m get 
../darwin_arm64-fastbuild-ST-fdfa778d11ba/bin/packages/core/src/render3/di.ts:[2m426:63[22m[39m
[90m [2mΓ¥»[22m lookupTokenUsingModuleInjector 
../darwin_arm64-fastbuild-ST-fdfa778d11ba/bin/packages/core/src/render3/di.ts:[2m493:9[22m[39m
[90m [2mΓ¥»[22m getOrCreateInjectable 
../darwin_arm64-fastbuild-ST-fdfa778d11ba/bin/packages/core/src/render3/instructions/di.ts:[2m58:16[22m[39m
[90m [2mΓ¥»[22m resolveForwardRef 
../darwin_arm64-fastbuild-ST-fdfa778d11ba/bin/packages/core/src/di/injector_compatibility.ts:[2m145:4[22m[39m
[90m [2mΓ¥»[22m ╔╡╔╡inject 
../darwin_arm64-fastbuild-ST-fdfa778d11ba/bin/packages/core/src/di/injector_compatibility.ts:[2m296:9[22m[39m

[31m[2mΓÄ»ΓÄ»ΓÄ»ΓÄ»ΓÄ»ΓÄ»ΓÄ»ΓÄ»ΓÄ»ΓÄ»ΓÄ»ΓÄ»ΓÄ»ΓÄ»ΓÄ»ΓÄ»ΓÄ»ΓÄ»ΓÄ»ΓÄ»ΓÄ»ΓÄ»ΓÄ»ΓÄ»[3/5]ΓÄ»[22m[39m


[2m Test Files [22m [1m[31m4 failed[39m[22m[2m | [22m[1m[32m12 passed[39m[22m[90m (16)[39m
[2m      Tests [22m [1m[31m5 failed[39m[22m[2m | [22m[1m[32m12 passed[39m[22m[90m (17)[39m
[2m   Start at [22m 09:59:49
[2m   Duration [22m 6.66s[2m (transform 1.03s, setup 6.45s, import 2.19s, tests 3.68s, environment 33.46s)[22m

